[1712月2025 21:46:07.611] [main/INFO] [cpw.mods.modlauncher.Launcher/MODLAUNCHER]: ModLauncher running: args [--launchTarget, forgeclientdev, --version, 21.1.216, --assetIndex, 17, --assetsDir, C:\Users\Andy liu\.gradle\caches\neoformruntime\assets, --gameDir, ., --fml.fmlVersion, 4.0.42, --fml.mcVersion, 1.21.1, --fml.neoForgeVersion, 21.1.216, --fml.neoFormVersion, 20240808.144430]
[1712月2025 21:46:07.616] [main/INFO] [cpw.mods.modlauncher.Launcher/MODLAUNCHER]: JVM identified as Microsoft OpenJDK 64-Bit Server VM 21.0.9+10-LTS
[1712月2025 21:46:07.620] [main/INFO] [cpw.mods.modlauncher.Launcher/MODLAUNCHER]: ModLauncher 11.0.5+main.901c6ea8 starting: java version 21.0.9 by Microsoft; OS Windows 11 arch amd64 version 10.0
[1712月2025 21:46:07.734] [main/WARN] [net.neoforged.fml.loading.FMLConfig/CORE]: Configuration file C:\Users\Andy liu\IdeaProjects\administrator_authorization\run\config\fml.toml is not correct. Correcting
[1712月2025 21:46:07.771] [main/INFO] [net.neoforged.fml.loading.ImmediateWindowHandler/]: Loading ImmediateWindowProvider fmlearlywindow
[1712月2025 21:46:07.936] [main/INFO] [EARLYDISPLAY/]: Trying GL version 4.6
[1712月2025 21:46:08.111] [main/INFO] [EARLYDISPLAY/]: Requested GL version 4.6 got version 4.6
[1712月2025 21:46:08.422] [main/INFO] [mixin/]: SpongePowered MIXIN Subsystem Version=0.8.7 Source=union:/C:/Users/Andy%20liu/.gradle/caches/modules-2/files-2.1/net.fabricmc/sponge-mixin/0.15.2+mixin.0.8.7/2af2f021d8e02a0220dc27a7a72b4666d66d44ca/sponge-mixin-0.15.2+mixin.0.8.7.jar%23138!/ Service=ModLauncher Env=CLIENT
[1712月2025 21:46:08.436] [main/WARN] [net.neoforged.fml.loading.FMLConfig/CORE]: Configuration file C:\Users\Andy liu\IdeaProjects\administrator_authorization\run\config\fml.toml is not correct. Correcting
[1712月2025 21:46:08.563] [pool-2-thread-1/INFO] [EARLYDISPLAY/]: GL info: AMD Radeon 740M Graphics GL version 4.6.0 Core Profile Context 24.30.76.250729, ATI Technologies Inc.
[1712月2025 21:46:08.890] [main/INFO] [net.neoforged.fml.loading.moddiscovery.locators.JarInJarDependencyLocator/]: Found 2 dependencies adding them to mods collection
[1712月2025 21:46:08.893] [main/INFO] [net.neoforged.fml.loading.moddiscovery.ModDiscoverer/]: 
     Mod List:
		Name Version (Mod Id)

		Administrator Authorization 1.2.0 (administrator_authorization)
		Minecraft 1.21.1 (minecraft)
		NeoForge 21.1.216 (neoforge)
[1712月2025 21:46:09.204] [main/INFO] [net.neoforged.fml.loading.FMLServiceProvider/CORE]: Loading coremod script-engine for [administrator_authorization]
[1712月2025 21:46:10.690] [main/INFO] [mixin/]: Compatibility level set to JAVA_17
[1712月2025 21:46:10.703] [main/INFO] [cpw.mods.modlauncher.LaunchServiceHandler/MODLAUNCHER]: Launching target 'forgeclientdev' with arguments [--version, 21.1.216, --gameDir, ., --assetsDir, C:\Users\Andy liu\.gradle\caches\neoformruntime\assets, --assetIndex, 17]
[1712月2025 21:46:10.757] [main/WARN] [mixin/]: Reference map 'mixins.administrator_authorization.refmap.json' for administrator_authorization.mixins.json could not be read. If this is a development environment you can ignore this message
[1712月2025 21:46:11.564] [main/INFO] [MixinExtras|Service/]: Initializing MixinExtras via com.llamalad7.mixinextras.service.MixinExtrasServiceImpl(version=0.5.0).
[1712月2025 21:46:13.309] [Datafixer Bootstrap/INFO] [com.mojang.datafixers.DataFixerBuilder/]: 229 Datafixer optimizations took 539 milliseconds
[1712月2025 21:46:20.328] [main/WARN] [net.minecraft.commands.Commands/]: Ambiguity between arguments [teleport, location] and [teleport, destination] with inputs: [0.1 -0.5 .9, 0 0 0]
[1712月2025 21:46:20.331] [main/WARN] [net.minecraft.commands.Commands/]: Ambiguity between arguments [teleport, location] and [teleport, targets] with inputs: [0.1 -0.5 .9, 0 0 0]
[1712月2025 21:46:20.335] [main/WARN] [net.minecraft.commands.Commands/]: Ambiguity between arguments [teleport, destination] and [teleport, targets] with inputs: [Player, 0123, @e, dd12be42-52a9-4a91-a8a1-11c01849e498]
[1712月2025 21:46:20.337] [main/WARN] [net.minecraft.commands.Commands/]: Ambiguity between arguments [teleport, targets] and [teleport, destination] with inputs: [Player, 0123, dd12be42-52a9-4a91-a8a1-11c01849e498]
[1712月2025 21:46:20.339] [main/WARN] [net.minecraft.commands.Commands/]: Ambiguity between arguments [teleport, targets, location] and [teleport, targets, destination] with inputs: [0.1 -0.5 .9, 0 0 0]
[1712月2025 21:46:20.579] [Render thread/WARN] [net.minecraft.server.packs.VanillaPackResourcesBuilder/]: Assets URL 'union:/C:/Users/Andy%20liu/IdeaProjects/administrator_authorization/build/moddev/artifacts/neoforge-21.1.216.jar%23189!/assets/.mcassetsroot' uses unexpected schema
[1712月2025 21:46:20.580] [Render thread/WARN] [net.minecraft.server.packs.VanillaPackResourcesBuilder/]: Assets URL 'union:/C:/Users/Andy%20liu/IdeaProjects/administrator_authorization/build/moddev/artifacts/neoforge-21.1.216.jar%23189!/data/.mcassetsroot' uses unexpected schema
[1712月2025 21:46:20.640] [Render thread/INFO] [com.mojang.authlib.yggdrasil.YggdrasilAuthenticationService/]: Environment: Environment[sessionHost=https://sessionserver.mojang.com, servicesHost=https://api.minecraftservices.com, name=PROD]
[1712月2025 21:46:20.661] [Render thread/INFO] [net.minecraft.client.Minecraft/]: Setting user: Dev
[1712月2025 21:46:20.809] [Render thread/INFO] [net.minecraft.client.Minecraft/]: Backend library: LWJGL version 3.3.3+5
[1712月2025 21:46:21.226] [modloading-worker-0/INFO] [net.neoforged.neoforge.common.NeoForgeMod/NEOFORGE-MOD]: NeoForge mod loading, version 21.1.216, for MC 1.21.1
[1712月2025 21:46:22.298] [Render thread/INFO] [net.neoforged.neoforge.gametest.GameTestHooks/]: Enabled Gametest Namespaces: [administrator_authorization]
[1712月2025 21:46:22.465] [Render thread/INFO] [net.minecraft.server.packs.resources.ReloadableResourceManager/]: Reloading ResourceManager: vanilla, mod_resources, mod/administrator_authorization, mod/neoforge
[1712月2025 21:46:22.572] [Worker-Main-10/INFO] [net.minecraft.client.gui.font.providers.UnihexProvider/]: Found unifont_all_no_pua-15.1.05.hex, loading
[1712月2025 21:46:22.733] [Worker-Main-1/INFO] [net.minecraft.client.gui.font.providers.UnihexProvider/]: Found unifont_jp_patch-15.1.05.hex, loading
[1712月2025 21:46:24.137] [Render thread/WARN] [net.minecraft.client.sounds.SoundEngine/]: Missing sound for event: minecraft:item.goat_horn.play
[1712月2025 21:46:24.138] [Render thread/WARN] [net.minecraft.client.sounds.SoundEngine/]: Missing sound for event: minecraft:entity.goat.screaming.horn_break
[1712月2025 21:46:24.763] [Render thread/INFO] [com.mojang.blaze3d.audio.Library/]: OpenAL initialized on device OpenAL Soft on Speakers (Realtek(R) Audio)
[1712月2025 21:46:24.764] [Render thread/INFO] [net.minecraft.client.sounds.SoundEngine/SOUNDS]: Sound engine started
[1712月2025 21:46:24.973] [Render thread/INFO] [net.minecraft.client.renderer.texture.TextureAtlas/]: Created: 1024x512x2 minecraft:textures/atlas/blocks.png-atlas
[1712月2025 21:46:24.982] [Render thread/INFO] [net.minecraft.client.renderer.texture.TextureAtlas/]: Created: 256x256x2 minecraft:textures/atlas/signs.png-atlas
[1712月2025 21:46:24.982] [Render thread/INFO] [net.minecraft.client.renderer.texture.TextureAtlas/]: Created: 512x512x2 minecraft:textures/atlas/shield_patterns.png-atlas
[1712月2025 21:46:24.983] [Render thread/INFO] [net.minecraft.client.renderer.texture.TextureAtlas/]: Created: 512x512x2 minecraft:textures/atlas/banner_patterns.png-atlas
[1712月2025 21:46:24.983] [Render thread/INFO] [net.minecraft.client.renderer.texture.TextureAtlas/]: Created: 1024x1024x2 minecraft:textures/atlas/armor_trims.png-atlas
[1712月2025 21:46:24.986] [Render thread/INFO] [net.minecraft.client.renderer.texture.TextureAtlas/]: Created: 128x64x2 minecraft:textures/atlas/decorated_pot.png-atlas
[1712月2025 21:46:24.986] [Render thread/INFO] [net.minecraft.client.renderer.texture.TextureAtlas/]: Created: 256x256x2 minecraft:textures/atlas/chest.png-atlas
[1712月2025 21:46:24.986] [Render thread/INFO] [net.minecraft.client.renderer.texture.TextureAtlas/]: Created: 512x256x2 minecraft:textures/atlas/shulker_boxes.png-atlas
[1712月2025 21:46:24.986] [Render thread/INFO] [net.minecraft.client.renderer.texture.TextureAtlas/]: Created: 512x256x2 minecraft:textures/atlas/beds.png-atlas
[1712月2025 21:46:25.172] [Render thread/INFO] [net.minecraft.client.renderer.texture.TextureAtlas/]: Created: 512x256x0 minecraft:textures/atlas/particles.png-atlas
[1712月2025 21:46:25.175] [Render thread/INFO] [net.minecraft.client.renderer.texture.TextureAtlas/]: Created: 512x256x0 minecraft:textures/atlas/paintings.png-atlas
[1712月2025 21:46:25.175] [Render thread/INFO] [net.minecraft.client.renderer.texture.TextureAtlas/]: Created: 256x128x0 minecraft:textures/atlas/mob_effects.png-atlas
[1712月2025 21:46:25.175] [Render thread/INFO] [net.minecraft.client.renderer.texture.TextureAtlas/]: Created: 64x64x0 minecraft:textures/atlas/map_decorations.png-atlas
[1712月2025 21:46:25.176] [Render thread/INFO] [net.minecraft.client.renderer.texture.TextureAtlas/]: Created: 1024x512x0 minecraft:textures/atlas/gui.png-atlas
[1712月2025 21:46:25.215] [Render thread/WARN] [net.minecraft.client.renderer.ShaderInstance/]: Shader rendertype_entity_translucent_emissive could not find sampler named Sampler2 in the specified shader program.
[1712月2025 21:46:25.299] [Render thread/INFO] [net.neoforged.neoforge.client.entity.animation.json.AnimationLoader/]: Loaded 0 entity animations
[1712月2025 21:46:29.789] [Render thread/INFO] [net.minecraft.world.item.crafting.RecipeManager/]: Loaded 1290 recipes
[1712月2025 21:46:29.959] [Render thread/INFO] [net.minecraft.advancements.AdvancementTree/]: Loaded 1399 advancements
[1712月2025 21:46:30.351] [Server thread/INFO] [net.minecraft.client.server.IntegratedServer/]: Starting integrated minecraft server version 1.21.1
[1712月2025 21:46:30.351] [Server thread/INFO] [net.minecraft.server.MinecraftServer/]: Generating keypair
[1712月2025 21:46:30.784] [Server thread/INFO] [net.minecraft.server.MinecraftServer/]: Preparing start region for dimension minecraft:overworld
[1712月2025 21:46:31.006] [progressListener/INFO] [net.minecraft.server.level.progress.LoggerChunkProgressListener/]: 正在準備重生點區域：0%
[1712月2025 21:46:31.071] [Server thread/INFO] [net.neoforged.neoforge.server.permission.PermissionAPI/]: Successfully initialized permission handler neoforge:default_handler
[1712月2025 21:46:31.081] [progressListener/INFO] [net.minecraft.server.level.progress.LoggerChunkProgressListener/]: Time elapsed: 291 ms
[1712月2025 21:46:31.165] [Server thread/INFO] [net.minecraft.client.server.IntegratedServer/]: Changing view distance to 5, from 10
[1712月2025 21:46:31.165] [Server thread/INFO] [net.minecraft.client.server.IntegratedServer/]: Changing simulation distance to 12, from 0
[1712月2025 21:46:31.947] [Server thread/INFO] [net.minecraft.server.players.PlayerList/]: Dev[local:E:ce5e6fb7] logged in with entity id 1 at (-20.468011119332868, -60.0, -106.07608370847701)
[1712月2025 21:46:31.994] [Server thread/INFO] [net.minecraft.server.MinecraftServer/]: Dev 加入了遊戲
[1712月2025 21:46:32.151] [Render thread/INFO] [net.minecraft.advancements.AdvancementTree/]: Loaded 41 advancements
[1712月2025 21:46:43.971] [Server thread/INFO] [net.minecraft.server.MinecraftServer/]: [Dev: 已召喚新的 伏守者]
[1712月2025 21:46:43.991] [Render thread/INFO] [net.minecraft.client.gui.components.ChatComponent/]: [System] [CHAT] 已召喚新的 伏守者
[1712月2025 21:47:09.849] [Server thread/WARN] [net.minecraft.server.MinecraftServer/]: Can't keep up! Is the server overloaded? Running 21926ms or 438 ticks behind
[1712月2025 21:47:09.923] [Server thread/INFO] [net.minecraft.client.server.IntegratedServer/]: Saving and pausing game...
[1712月2025 21:47:09.953] [Server thread/INFO] [net.minecraft.server.MinecraftServer/]: Saving chunks for level 'ServerLevel[test world]'/minecraft:overworld
[1712月2025 21:47:09.977] [Server thread/INFO] [net.minecraft.server.MinecraftServer/]: Saving chunks for level 'ServerLevel[test world]'/minecraft:the_nether
[1712月2025 21:47:09.980] [Server thread/INFO] [net.minecraft.server.MinecraftServer/]: Saving chunks for level 'ServerLevel[test world]'/minecraft:the_end
[1712月2025 21:47:09.981] [Server thread/INFO] [net.minecraft.server.MinecraftServer/]: Saving chunks for level 'ServerLevel[test world]'/administrator_authorization:anti_void
[1712月2025 21:47:28.952] [Server thread/INFO] [net.minecraft.client.server.IntegratedServer/]: Saving and pausing game...
[1712月2025 21:47:28.965] [Server thread/INFO] [net.minecraft.server.MinecraftServer/]: Saving chunks for level 'ServerLevel[test world]'/minecraft:overworld
[1712月2025 21:47:28.968] [Server thread/INFO] [net.minecraft.server.MinecraftServer/]: Saving chunks for level 'ServerLevel[test world]'/minecraft:the_nether
[1712月2025 21:47:28.968] [Server thread/INFO] [net.minecraft.server.MinecraftServer/]: Saving chunks for level 'ServerLevel[test world]'/minecraft:the_end
[1712月2025 21:47:28.968] [Server thread/INFO] [net.minecraft.server.MinecraftServer/]: Saving chunks for level 'ServerLevel[test world]'/administrator_authorization:anti_void
[1712月2025 21:47:28.977] [Server thread/WARN] [net.minecraft.server.MinecraftServer/]: Can't keep up! Is the server overloaded? Running 4154ms or 83 ticks behind
[1712月2025 21:47:36.127] [Server thread/INFO] [net.minecraft.client.server.IntegratedServer/]: Saving and pausing game...
[1712月2025 21:47:36.140] [Server thread/INFO] [net.minecraft.server.MinecraftServer/]: Saving chunks for level 'ServerLevel[test world]'/minecraft:overworld
[1712月2025 21:47:36.142] [Server thread/INFO] [net.minecraft.server.MinecraftServer/]: Saving chunks for level 'ServerLevel[test world]'/minecraft:the_nether
[1712月2025 21:47:36.143] [Server thread/INFO] [net.minecraft.server.MinecraftServer/]: Saving chunks for level 'ServerLevel[test world]'/minecraft:the_end
[1712月2025 21:47:36.143] [Server thread/INFO] [net.minecraft.server.MinecraftServer/]: Saving chunks for level 'ServerLevel[test world]'/administrator_authorization:anti_void
[1712月2025 21:47:39.474] [Server thread/INFO] [net.minecraft.client.server.IntegratedServer/]: Saving and pausing game...
[1712月2025 21:47:39.496] [Server thread/INFO] [net.minecraft.server.MinecraftServer/]: Saving chunks for level 'ServerLevel[test world]'/minecraft:overworld
[1712月2025 21:47:39.498] [Server thread/INFO] [net.minecraft.server.MinecraftServer/]: Saving chunks for level 'ServerLevel[test world]'/minecraft:the_nether
[1712月2025 21:47:39.498] [Server thread/INFO] [net.minecraft.server.MinecraftServer/]: Saving chunks for level 'ServerLevel[test world]'/minecraft:the_end
[1712月2025 21:47:39.499] [Server thread/INFO] [net.minecraft.server.MinecraftServer/]: Saving chunks for level 'ServerLevel[test world]'/administrator_authorization:anti_void
[1712月2025 21:47:39.925] [Server thread/INFO] [net.minecraft.server.network.ServerGamePacketListenerImpl/]: Dev lost connection: 連線中斷
[1712月2025 21:47:39.925] [Server thread/INFO] [net.minecraft.server.MinecraftServer/]: Dev 離開了遊戲
[1712月2025 21:47:39.947] [Server thread/INFO] [net.minecraft.server.network.ServerCommonPacketListenerImpl/]: Stopping singleplayer server as player logged out
[1712月2025 21:47:39.974] [Server thread/INFO] [net.minecraft.server.MinecraftServer/]: Stopping server
[1712月2025 21:47:39.974] [Server thread/INFO] [net.minecraft.server.MinecraftServer/]: Saving players
[1712月2025 21:47:39.975] [Server thread/INFO] [net.minecraft.server.MinecraftServer/]: Saving worlds
[1712月2025 21:47:40.842] [Server thread/INFO] [net.minecraft.server.MinecraftServer/]: Saving chunks for level 'ServerLevel[test world]'/minecraft:overworld
[1712月2025 21:47:40.856] [Server thread/INFO] [net.minecraft.server.MinecraftServer/]: Saving chunks for level 'ServerLevel[test world]'/minecraft:the_nether
[1712月2025 21:47:40.860] [Server thread/INFO] [net.minecraft.server.MinecraftServer/]: Saving chunks for level 'ServerLevel[test world]'/minecraft:the_end
[1712月2025 21:47:40.863] [Server thread/INFO] [net.minecraft.server.MinecraftServer/]: Saving chunks for level 'ServerLevel[test world]'/administrator_authorization:anti_void
[1712月2025 21:47:40.875] [Server thread/INFO] [net.minecraft.server.MinecraftServer/]: ThreadedAnvilChunkStorage (test world): All chunks are saved
[1712月2025 21:47:40.875] [Server thread/INFO] [net.minecraft.server.MinecraftServer/]: ThreadedAnvilChunkStorage (DIM-1): All chunks are saved
[1712月2025 21:47:40.876] [Server thread/INFO] [net.minecraft.server.MinecraftServer/]: ThreadedAnvilChunkStorage (DIM1): All chunks are saved
[1712月2025 21:47:40.876] [Server thread/INFO] [net.minecraft.server.MinecraftServer/]: ThreadedAnvilChunkStorage (anti_void): All chunks are saved
[1712月2025 21:47:40.876] [Server thread/INFO] [net.minecraft.server.MinecraftServer/]: ThreadedAnvilChunkStorage: All dimensions are saved
[1712月2025 21:47:41.299] [Render thread/INFO] [net.minecraft.client.Minecraft/]: Stopping!
